// Jest Snapshot v1, https://goo.gl/fbAQLP

exports[`<App /> matches the snapshop 1`] = `
ReactShallowRenderer {
  "_context": Object {},
  "_didScheduleRenderPhaseUpdate": false,
  "_dispatcher": Object {
    "readContext": [Function],
    "useCallback": [Function],
    "useContext": [Function],
    "useDebugValue": [Function],
    "useEffect": [Function],
    "useImperativeHandle": [Function],
    "useLayoutEffect": [Function],
    "useMemo": [Function],
    "useReducer": [Function],
    "useRef": [Function],
    "useState": [Function],
  },
  "_element": <App />,
  "_firstWorkInProgressHook": Object {
    "memoizedState": Array [],
    "next": Object {
      "memoizedState": "Login",
      "next": Object {
        "memoizedState": Array [
          Object {
            "category": "1",
            "description": "Almond Toe Court Shoes, Patent Black & Almond Toe Court Shoes, Patent Black",
            "id": "1",
            "image": "shoes1.JPG",
            "name": "Almond Toe Court Shoes, Patent Black",
            "price": 99,
            "quantity": 5,
          },
          Object {
            "category": "1",
            "description": "Suede Shoes, Blue & Suede Shoes, Blue",
            "id": "2",
            "image": "shoes2.jpg",
            "name": "Suede Shoes, Blue",
            "price": 42,
            "quantity": 4,
          },
          Object {
            "category": "2",
            "description": "Leather Driver Saddle Loafers, Tan & Leather Driver Saddle Loafers, Tan",
            "id": "3",
            "image": "loafers1.jpg",
            "name": "Leather Driver Saddle Loafers, Tan",
            "price": 34,
            "quantity": 12,
          },
          Object {
            "category": "2",
            "description": "Flip Flops, Red & Flip Flops, Red",
            "id": "4",
            "image": "flip-flop1.jpg",
            "name": "Flip Flops, Red",
            "price": 19,
            "quantity": 6,
          },
          Object {
            "category": "2",
            "description": "Flip Flops, Blue & Flip Flops, Blue",
            "id": "5",
            "image": "flip-flop2.jpg",
            "name": "Flip Flops, Blue",
            "price": 19,
            "quantity": 0,
          },
          Object {
            "category": "3",
            "description": "Gold Button Cardigan, Black & Gold Button Cardigan, Black",
            "id": "6",
            "image": "casual1.jpg",
            "name": "Gold Button Cardigan, Black",
            "price": 167,
            "quantity": 6,
          },
          Object {
            "category": "3",
            "description": "Cotton Shorts, Medium Red & Cotton Shorts, Medium Red",
            "id": "7",
            "image": "cotton.jpg",
            "name": "Cotton Shorts, Medium Red",
            "price": 30,
            "quantity": 5,
          },
          Object {
            "category": "4",
            "description": "Fine Stripe Short Sleeve Shirt, Grey & Fine Stripe Short Sleeve Shirt, Grey",
            "id": "8",
            "image": "stripe.jpg",
            "name": "Fine Stripe Short Sleeve Shirt, Grey",
            "price": 49.99,
            "quantity": 9,
          },
          Object {
            "category": "4",
            "description": "Fine Stripe Short Sleeve Shirt, Green & Fine Stripe Short Sleeve Shirt, Green",
            "id": "9",
            "image": "stripe-green.jpg",
            "name": "Fine Stripe Short Sleeve Shirt, Green",
            "price": 39.99,
            "quantity": 3,
          },
          Object {
            "category": "6",
            "description": "Sharkskin Waistcoat, Charcoal & Sharkskin Waistcoat, Charcoal",
            "id": "10",
            "image": "waste.jpg",
            "name": "Sharkskin Waistcoat, Charcoal",
            "price": 75,
            "quantity": 2,
          },
          Object {
            "category": "6",
            "description": "Lightweight Patch Pocket Blazer, Deer & Lightweight Patch Pocket Blazer, Deer",
            "id": "11",
            "image": "patch.jpg",
            "name": "Lightweight Patch Pocket Blazer, Deer",
            "price": 175.5,
            "quantity": 1,
          },
          Object {
            "category": "5",
            "description": "Bird Print Dress, Black & Bird Print Dress, Black",
            "id": "12",
            "image": "nike.jpeg",
            "name": "Bird Print Dress, Black",
            "price": 270,
            "quantity": 10,
          },
          Object {
            "category": "5",
            "description": "Mid Twist Cut-Out Dress, Pink & Mid Twist Cut-Out Dress, Pink",
            "id": "13",
            "image": "nakd.jpg",
            "name": "Mid Twist Cut-Out Dress, Pink",
            "price": 540,
            "quantity": 5,
          },
        ],
        "next": Object {
          "memoizedState": 0,
          "next": Object {
            "memoizedState": 0,
            "next": Object {
              "memoizedState": Array [],
              "next": null,
              "queue": Object {
                "dispatch": [Function],
                "first": null,
              },
            },
            "queue": Object {
              "dispatch": [Function],
              "first": null,
            },
          },
          "queue": Object {
            "dispatch": [Function],
            "first": null,
          },
        },
        "queue": Object {
          "dispatch": [Function],
          "first": null,
        },
      },
      "queue": Object {
        "dispatch": [Function],
        "first": null,
      },
    },
    "queue": Object {
      "dispatch": [Function],
      "first": null,
    },
  },
  "_forcedUpdate": false,
  "_instance": null,
  "_isReRender": false,
  "_newState": null,
  "_numberOfReRenders": 0,
  "_renderPhaseUpdates": null,
  "_rendered": <React.Fragment>
    <CssBaseline />
    <Context.Provider
      value={
        Object {
          "addToCart": [Function],
          "cart": Array [],
          "discount": 0,
          "footCats": Array [],
          "page": "Login",
          "productItems": Array [
            Object {
              "category": "1",
              "description": "Almond Toe Court Shoes, Patent Black & Almond Toe Court Shoes, Patent Black",
              "id": "1",
              "image": "shoes1.JPG",
              "name": "Almond Toe Court Shoes, Patent Black",
              "price": 99,
              "quantity": 5,
            },
            Object {
              "category": "1",
              "description": "Suede Shoes, Blue & Suede Shoes, Blue",
              "id": "2",
              "image": "shoes2.jpg",
              "name": "Suede Shoes, Blue",
              "price": 42,
              "quantity": 4,
            },
            Object {
              "category": "2",
              "description": "Leather Driver Saddle Loafers, Tan & Leather Driver Saddle Loafers, Tan",
              "id": "3",
              "image": "loafers1.jpg",
              "name": "Leather Driver Saddle Loafers, Tan",
              "price": 34,
              "quantity": 12,
            },
            Object {
              "category": "2",
              "description": "Flip Flops, Red & Flip Flops, Red",
              "id": "4",
              "image": "flip-flop1.jpg",
              "name": "Flip Flops, Red",
              "price": 19,
              "quantity": 6,
            },
            Object {
              "category": "2",
              "description": "Flip Flops, Blue & Flip Flops, Blue",
              "id": "5",
              "image": "flip-flop2.jpg",
              "name": "Flip Flops, Blue",
              "price": 19,
              "quantity": 0,
            },
            Object {
              "category": "3",
              "description": "Gold Button Cardigan, Black & Gold Button Cardigan, Black",
              "id": "6",
              "image": "casual1.jpg",
              "name": "Gold Button Cardigan, Black",
              "price": 167,
              "quantity": 6,
            },
            Object {
              "category": "3",
              "description": "Cotton Shorts, Medium Red & Cotton Shorts, Medium Red",
              "id": "7",
              "image": "cotton.jpg",
              "name": "Cotton Shorts, Medium Red",
              "price": 30,
              "quantity": 5,
            },
            Object {
              "category": "4",
              "description": "Fine Stripe Short Sleeve Shirt, Grey & Fine Stripe Short Sleeve Shirt, Grey",
              "id": "8",
              "image": "stripe.jpg",
              "name": "Fine Stripe Short Sleeve Shirt, Grey",
              "price": 49.99,
              "quantity": 9,
            },
            Object {
              "category": "4",
              "description": "Fine Stripe Short Sleeve Shirt, Green & Fine Stripe Short Sleeve Shirt, Green",
              "id": "9",
              "image": "stripe-green.jpg",
              "name": "Fine Stripe Short Sleeve Shirt, Green",
              "price": 39.99,
              "quantity": 3,
            },
            Object {
              "category": "6",
              "description": "Sharkskin Waistcoat, Charcoal & Sharkskin Waistcoat, Charcoal",
              "id": "10",
              "image": "waste.jpg",
              "name": "Sharkskin Waistcoat, Charcoal",
              "price": 75,
              "quantity": 2,
            },
            Object {
              "category": "6",
              "description": "Lightweight Patch Pocket Blazer, Deer & Lightweight Patch Pocket Blazer, Deer",
              "id": "11",
              "image": "patch.jpg",
              "name": "Lightweight Patch Pocket Blazer, Deer",
              "price": 175.5,
              "quantity": 1,
            },
            Object {
              "category": "5",
              "description": "Bird Print Dress, Black & Bird Print Dress, Black",
              "id": "12",
              "image": "nike.jpeg",
              "name": "Bird Print Dress, Black",
              "price": 270,
              "quantity": 10,
            },
            Object {
              "category": "5",
              "description": "Mid Twist Cut-Out Dress, Pink & Mid Twist Cut-Out Dress, Pink",
              "id": "13",
              "image": "nakd.jpg",
              "name": "Mid Twist Cut-Out Dress, Pink",
              "price": 540,
              "quantity": 5,
            },
          ],
          "setDiscount": [Function],
          "setPage": [Function],
          "setProductItems": [Function],
          "settotal": [Function],
          "total": 0,
        }
      }
    >
      <div
        className="App"
      >
        <PrimarySearchAppBar />
        <SignIn />
        <Footer />
      </div>
    </Context.Provider>
  </React.Fragment>,
  "_rendering": false,
  "_updater": Updater {
    "_callbacks": Array [],
    "_renderer": [Circular],
  },
  "_workInProgressHook": null,
}
`;
